// Jest Snapshot v1, https://goo.gl/fbAQLP

exports[`RemoteFile model contructor should create a normalized file 1`] = `
Object {
  "id": "random-hash",
  "multipart": Object {
    "chunk_size": 1024,
    "id": "multipart-id",
    "part_numbers": 1,
  },
  "name": "kittie.gif",
  "size": 1024,
  "type": "file",
}
`;
