// Jest Snapshot v1, https://goo.gl/fbAQLP

exports[`RemoteFile model contructor should create a normalized file 1`] = `
RemoteFile {
  "content_identifier": "file",
  "id": "random-hash",
  "local_identifier": "delightful-cat",
  "meta": Object {
    "multipart_parts": 3,
    "multipart_upload_id": "some.random-id--",
  },
  "name": "kittie.gif",
  "size": 195906,
}
`;
