// Jest Snapshot v1, https://goo.gl/fbAQLP

exports[`RemoteCollection model contructor should create a normalized collection 1`] = `
RemoteCollection {
  "description": "Something about cats, most probably.",
  "id": "random-hash",
  "items": Array [],
  "name": "Little kittens",
  "url": "https://we.tl/s-random-hash",
}
`;
